// Jest Snapshot v1, https://goo.gl/fbAQLP

exports[`testID inventory snapshot locks the full testID inventory shape 1`] = `
[
  {
    "file": "src/components/AddTodoInput.tsx",
    "flag": "TextInput: tap focuses + opens keyboard (remember hideKeyboard later)",
    "role": "-",
    "tag": "TextInput",
    "testID": "add-todo-input",
    "wrapper": "-",
  },
  {
    "file": "src/components/AddTodoInput.tsx",
    "flag": "View+testID but no onPress: tap won't dismiss keyboard",
    "role": "-",
    "tag": "View",
    "testID": "add-todo-row",
    "wrapper": "-",
  },
  {
    "file": "src/components/AddTodoInput.tsx",
    "flag": "ok",
    "role": "button",
    "tag": "Pressable",
    "testID": "add-todo-submit",
    "wrapper": "-",
  },
  {
    "file": "src/components/FilterTabs.tsx",
    "flag": "ok",
    "role": "button",
    "tag": "Pressable",
    "testID": "clear-completed",
    "wrapper": "-",
  },
  {
    "file": "src/components/EmptyState.tsx",
    "flag": "View+testID but no onPress: tap won't dismiss keyboard",
    "role": "-",
    "tag": "View",
    "testID": "empty-state",
    "wrapper": "-",
  },
  {
    "file": "src/components/ErrorBoundary.tsx",
    "flag": "View+testID but no onPress: tap won't dismiss keyboard",
    "role": "-",
    "tag": "View",
    "testID": "error-boundary",
    "wrapper": "-",
  },
  {
    "file": "src/components/ErrorBoundary.tsx",
    "flag": "ok",
    "role": "button",
    "tag": "Pressable",
    "testID": "error-boundary-retry",
    "wrapper": "-",
  },
  {
    "file": "src/components/FilterTabs.tsx",
    "flag": "dynamic id: Maestro requires regex (id: 'prefix-')",
    "role": "tab",
    "tag": "Pressable",
    "testID": "filter-\${key}",
    "wrapper": "-",
  },
  {
    "file": "src/components/FilterTabs.tsx",
    "flag": "View+testID but no onPress: tap won't dismiss keyboard",
    "role": "-",
    "tag": "View",
    "testID": "filter-tabs",
    "wrapper": "-",
  },
  {
    "file": "src/screens/HomeScreen.tsx",
    "flag": "View+testID but no onPress: tap won't dismiss keyboard",
    "role": "-",
    "tag": "View",
    "testID": "hydrating",
    "wrapper": "-",
  },
  {
    "file": "src/components/TodoItem.tsx",
    "flag": "checkbox absorbs id (Maestro id-search may fail); inside Swipeable: tap-through unreliable from synthesized XCUITest; dynamic id: Maestro requires regex (id: 'prefix-')",
    "role": "checkbox",
    "tag": "View",
    "testID": "todo-checkbox-\${todo.id}",
    "wrapper": "Swipeable",
  },
  {
    "file": "src/components/TodoItem.tsx",
    "flag": "dynamic id: Maestro requires regex (id: 'prefix-')",
    "role": "button",
    "tag": "Pressable",
    "testID": "todo-delete-\${todo.id}",
    "wrapper": "-",
  },
  {
    "file": "src/components/Header.tsx",
    "flag": "View+testID but no onPress: tap won't dismiss keyboard",
    "role": "-",
    "tag": "View",
    "testID": "todo-header",
    "wrapper": "-",
  },
  {
    "file": "src/components/Header.tsx",
    "flag": "ok",
    "role": "-",
    "tag": "Text",
    "testID": "todo-header-count",
    "wrapper": "-",
  },
  {
    "file": "src/components/TodoItem.tsx",
    "flag": "checkbox absorbs id (Maestro id-search may fail); inside Swipeable: tap-through unreliable from synthesized XCUITest; dynamic id: Maestro requires regex (id: 'prefix-')",
    "role": "checkbox",
    "tag": "Pressable",
    "testID": "todo-item-\${todo.id}",
    "wrapper": "Swipeable",
  },
  {
    "file": "src/components/TodoList.tsx",
    "flag": "ok",
    "role": "-",
    "tag": "FlatList",
    "testID": "todo-list",
    "wrapper": "-",
  },
  {
    "file": "src/components/TodoItem.tsx",
    "flag": "dynamic id: Maestro requires regex (id: 'prefix-')",
    "role": "-",
    "tag": "Text",
    "testID": "todo-text-\${todo.id}",
    "wrapper": "Swipeable",
  },
]
`;
